
> dompetku@0.11.0 build
> next build

ΓÜá Warning: Next.js inferred your workspace root, but it may not be correct.
 We detected multiple lockfiles and selected the directory of C:\Users\racrb\package-lock.json as the root directory.
 To silence this warning, set `turbopack.root` in your Next.js config, or consider removing one of the lockfiles if it's not needed.
   See https://nextjs.org/docs/app/api-reference/config/next-config-js/turbopack#root-directory for more information.
 Detected additional lockfiles: 
   * C:\Users\racrb\Documents\rroihans.id\dompetku\package-lock.json

Γû▓ Next.js 16.1.6 (Turbopack)
- Environments: .env

  Creating an optimized production build ...
Γ£ô Compiled successfully in 10.3s
  Running TypeScript ...
Failed to compile.

./src/components/dashboard/today-transaction-card.tsx:73:36
Type error: Property 'categoryIcon' does not exist on type 'MappedTransaksi'.

  71 |       "Lainnya": "MoreHorizontal",
  72 |     };
> 73 |     return iconMap[kategori] || tx.categoryIcon || undefined;
     |                                    ^
  74 |   };
  75 |
  76 |   return (
Next.js build worker exited with code: 1 and signal: null
